
> @agrivio/frontend@0.0.1 start
> nx serve frontend


> nx run frontend:serve:development

Environment variable "PORT" detected. Using port 3999.
[33m>[39m Building...
[32m√[39m Building...
[1mInitial chunk files[22m[2m | [22m[1mNames[22m                      [2m | [22m [1mRaw size[22m
[32mmain.js[39m            [2m | [22m[2mmain[22m                       [2m | [22m  [36m3.71 kB[39m[2m | [22m
[32mchunk-36OQAVDE.js[39m  [2m | [22m[2m-[22m                          [2m | [22m  [36m2.56 kB[39m[2m | [22m
[32mstyles.css[39m         [2m | [22m[2mstyles[22m                     [2m | [22m[36m110 bytes[39m[2m | [22m
[1m [22m                  [2m | [22m[1mInitial total[22m              [2m | [22m  [1m6.37 kB[22m
[1mLazy chunk files[22m   [2m | [22m[1mNames[22m                      [2m | [22m [1mRaw size[22m
[32mchunk-W2HQFXTQ.js[39m  [2m | [22m[2mcontext-switcher-page[22m      [2m | [22m [36m15.38 kB[39m[2m | [22m
[32mchunk-S5A7ZANH.js[39m  [2m | [22m[2mrequest-access-page[22m        [2m | [22m [36m10.01 kB[39m[2m | [22m
[32mchunk-PLU3T77A.js[39m  [2m | [22m[2mpassword-reset-confirm-page[22m[2m | [22m  [36m9.46 kB[39m[2m | [22m
[32mchunk-OY4S43KP.js[39m  [2m | [22m[2mlogin-page[22m                 [2m | [22m  [36m9.46 kB[39m[2m | [22m
[32mchunk-Q3QLWOVN.js[39m  [2m | [22m[2mactivate-page[22m              [2m | [22m  [36m8.99 kB[39m[2m | [22m
[32mchunk-47YFEFFA.js[39m  [2m | [22m[2mpassword-reset-request-page[22m[2m | [22m  [36m8.51 kB[39m[2m | [22m
[32mchunk-CN4CQ5BB.js[39m  [2m | [22m[2m-[22m                          [2m | [22m  [36m4.58 kB[39m[2m | [22m
[32mchunk-K4BZ4DCM.js[39m  [2m | [22m[2m-[22m                          [2m | [22m  [36m2.86 kB[39m[2m | [22m
Application bundle generation complete. [10.913 seconds] - 2026-08-08T09:50:42.908Z
Watch mode enabled. Watching for file changes...
NOTE: Raw file sizes do not reflect development server per-request transformations.
  ➜  Local:   http://localhost:3999/
[33m>[39m Changes detected. Rebuilding...
[32m√[39m Changes detected. Rebuilding...
No output file changes.
Application bundle generation complete. [2.769 seconds] - 2026-08-08T09:53:28.517Z
[33m>[39m Changes detected. Rebuilding...
[32m√[39m Changes detected. Rebuilding...
No output file changes.
Application bundle generation complete. [0.842 seconds] - 2026-08-08T09:58:19.881Z
[33m>[39m Changes detected. Rebuilding...
[32m√[39m Changes detected. Rebuilding...
No output file changes.
Application bundle generation complete. [1.464 seconds] - 2026-08-08T10:03:23.125Z
[33m>[39m Changes detected. Rebuilding...
[32m√[39m Changes detected. Rebuilding...
No output file changes.
Application bundle generation complete. [1.053 seconds] - 2026-08-08T10:08:28.394Z
[33m>[39m Changes detected. Rebuilding...
[32m√[39m Changes detected. Rebuilding...
No output file changes.
Application bundle generation complete. [1.435 seconds] - 2026-08-08T10:13:22.074Z
[33m>[39m Changes detected. Rebuilding...
[32m√[39m Changes detected. Rebuilding...
No output file changes.
Application bundle generation complete. [0.813 seconds] - 2026-08-08T10:18:21.054Z
[33m>[39m Changes detected. Rebuilding...
[32m√[39m Changes detected. Rebuilding...
No output file changes.
Application bundle generation complete. [1.219 seconds] - 2026-08-08T10:23:44.351Z
[33m>[39m Changes detected. Rebuilding...
[32m√[39m Changes detected. Rebuilding...
No output file changes.
Application bundle generation complete. [1.785 seconds] - 2026-08-08T10:28:22.524Z
